✔ 443-a1: a provider-fault death records ONE reroute_proposed row naming the ranked candidates, and the view projects it (92.205292ms)
✔ 443-a2: the proposal wakes the new closed wake class, and carries no roll-forward without a policy (37.636792ms)
✔ 443-b1: `auto` performs the resume onto the first candidate, carrying the workspace and the why (49.652416ms)
✔ 443-b2: a hand-typed resume of a faulted seat still says why the successor exists (36.718667ms)
✔ 443-b3: an auto-rerouted successor starts under the default continuation policy (33.808375ms)
✔ 443-c1: a subscription route whose window is closed is excluded, with its reason and reset (40.233667ms)
✔ 443-c2: preferApi flips the billing preference, and never re-orders the closed route in (37.965958ms)
✔ 443-d1: with no candidate the proposal is empty and the attention row names the wait (29.432125ms)
✔ 443-e1: the new rows replay identically and no caller can submit one (45.899291ms)
✔ a swarm recruit through SwarmRuntime gets a brief that carries the Baton surface (3302.566667ms)
✔ a non-swarm run brief is unchanged: no Swarm section and the empty-tools sentence stays (3365.257292ms)
✔ the Swarm section, SWARM_NATIVE_GUIDANCE, and the bridge guidance are one derivation (0.922417ms)
✔ renderBrief pins: a brief without the surface renders exactly as before (0.357917ms)
✔ a native turn delivers its report and a declared completion finishes the seat (3246.4745ms)
✔ a notification starts another turn in a seat awaiting its orchestrator (3732.133542ms)
ℹ tests 15
ℹ suites 0
ℹ pass 15
ℹ fail 0
ℹ cancelled 0
ℹ skipped 0
ℹ todo 0
ℹ duration_ms 14421.61075
