✔ P92-OR1: explicit evidence intent accepts a textual capsule and inverse prose cannot change explicit intent (12089.790209ms)
✖ a swarm recruit through SwarmRuntime gets a brief that carries the Baton surface (6445.568333ms)
✔ a non-swarm run brief is unchanged: no Swarm section and the empty-tools sentence stays (5968.958125ms)
✔ the Swarm section, SWARM_NATIVE_GUIDANCE, and the bridge guidance are one derivation (1.680292ms)
✔ renderBrief pins: a brief without the surface renders exactly as before (0.901208ms)
ℹ tests 5
ℹ suites 0
ℹ pass 4
ℹ fail 1
ℹ cancelled 0
ℹ skipped 0
ℹ todo 0
ℹ duration_ms 19802.732625

✖ failing tests:

test at impl/test/swarm-brief-surface.test.mjs:126:1
✖ a swarm recruit through SwarmRuntime gets a brief that carries the Baton surface (6445.568333ms)
  AssertionError [ERR_ASSERTION]: The input did not match the regular expression /ending a turn without publishing/u. Input:
  
  'Your native tools, skills, and delegation remain available. You can coordinate directly with this swarm using your own granted authority.\n' +
    '\n' +
    'Run node "$BATON_SWARM_CLIENT" swarm.view to see participants, shared context, knowledge, available actions, and your current permissions. Add "projection":"outline" to read one slice instead of the whole record — the bridge answers a view too large for its frame with the projection that fits.\n' +
    '\n' +
    'swarm.view projection — one of: full, outline, participants, contributions, attention, guidance, workspace, knowledge, context, situation\n' +
    '\n' +
    'evidence.search fields — one of: swarmId, participantId, kind, path, query, afterSeq\n' +
    '\n' +
    'A closed-set refusal carries the admitted values in detail.admitted and reads "<field> must be one of: ..."; an unknown-field refusal carries the admitted fields the same way. Absent swarm.view projection means full.\n' +
    '\n' +
    'Run node "$BATON_SWARM_CLIENT" swarm.update to publish a finding: {"event":"swarm.contribution_recorded","payload":{"body":"your whole report"}} — put the whole report inside the payload\'s `body` field, the payload shape is closed, and an unknown field refuses. A contributionId you omit is minted per call from your identity and that call\'s key, so every such update records a NEW contribution; an id the swarm already holds REFUSES (`contribution_duplicate`), never extends — a correction is its own contribution, and `swarm.contribution_reviewed` is how recorders settle what they already hold. Group, work, context, and review updates use the permitted event kinds shown by swarm.view — the `updates` field lists, beside availableActions, exactly the kinds you may send now and the permission that admits each.\n' +
    '\n' +
    'Use swarm.guide to speak to a participant, swarm.recruit to bring in help when granted, and swarm.watch to await relevant updates. These commands use participant names; no worker, fence, pause, or approval choreography is required. Participants with review authority can capture and check contributions. Participants with organize authority can integrate accepted contributions. Record a contribution before requesting review or landing.\n' +
    '\n' +
    'Declare your assignment done with swarm.update {"event":"swarm.participant_left","payload":{"reason":"completed"}}, then end your turn. Baton delivers the final report to your orchestrator and completes the worker. Ordinary turn completion keeps the assignment available for guidance.\n' +
    '\n' +
    'The knowledge layer is part of this loop. Every verb below is callable on this bridge; the permission that admits each is named on swarm.view `updates`, and the swarm section of your brief names the ONE situation each is for:\n' +
    '- run.knowledge.seed [contribute] — pin a durable fact — typed, grounded, evidence-linked — that your peers must be able to find.\n' +
    '- run.board.post [contribute] — keep one runnable item on your own run’s board.\n' +
    '- run.board.read [read] — read the board bound to your own run.\n' +
    '- run.scratchpad.append [contribute] — note working state in your scratchpad — the shared scope is visible to your peers.\n' +
    '- run.scratchpad.read [read] — read your scratchpad or the run-shared scope back.\n' +
    '- run.scratchpad.elevate [contribute] — elevate your own scratchpad entries to candidate Findings.\n' +
    '- evidence.search [read] — find a fact by text, participant or kind across the swarm.\n' +
    'A fact you seed is durable and attributed to your seat: every peer finds it with evidence search, it shows on swarm.view `knowledge` rows, and it lands on the wake stream as a `knowledge` row — nobody’s root has to copy it.\n' +
    '\n' +
    'The reading half is part of this loop: three read-only verbs read MORE than your brief carries — a context package’s branches, what your peers have landed, and what they are doing now. Read-only means nothing is recorded either way: a refusal is the only thing that can come back, and it is typed.\n' +
    '- run.package.read [read] — read a context package attached to your run or your swarm — its branch list, or one branch’s text by name.\n' +
    '- run.contributions.read [read] — read what has been contributed on your swarm since a seq — each row with its files and its review state.\n' +
    '- run.peers.read [read] — read what the other seats that can act are doing now — their scopes, what they hold, and their last checkpoint.\n' +
    'Name the digest or the seq you read from your brief; the answer is bounded, and a bounded answer says so (`truncated` with the `cursor` to continue from) rather than dropping rows.\n' +
    '\n' +
    'Your checkout is a private git worktree. Compare a failure against a clean baseline with `git worktree add <scratch-dir> <base>` (or `git show <base>:<path>` for one file) — `git stash` is refused in a lane worktree because the worktrees of one repository share a single `refs/stash` stack. Every `git commit` in the checkout is attributed to your seat as a `worktree.commit_recorded` row; while another seat holds the declared exclusive `writer` coupling over the checkout, the commit still lands — recorded as a `swarm.coupling_writer_bypassed` bypass naming both seats — so release or take the coupling instead of writing silently.\n' +
    '\n' +
    'The client fills your swarm identity and a per-call idempotency key. Naming that key again replays an operation that already completed; a NEW attempt needs a NEW key (only swarm.recruit and swarm.holder_released may be re-attempted under theirs). Keep the bridge credential private; never print environment variables containing tokens.\n' +
    '\n' +
    'A refusal is never silent: an answer that begins "Nothing was recorded:" says what to change, and every refusal is recorded in the swarm, so your orchestrator sees it and your own participant row shows it as lastRefusal until a later operation of the same command succeeds.\n' +
    '\n' +
    "The bridge is located by environment variable NAMES only — BATON_SWARM_BRIDGE_URL, BATON_SWARM_BRIDGE_TOKEN, BATON_SWARM_BRIDGE_SWARM_ID, BATON_SWARM_BRIDGE_PARTICIPANT_ID, BATON_SWARM_BRIDGE_RUN_ID (and BATON_SWARM_BRIDGE_FRAME_BYTES names the negotiated frame ceiling, while BATON_SWARM_BRIDGE_AUTOWAKE carries the wake narrowing this seat's session opened its subscription with). Read them; never print their values: the token variable carries your private credential.\n" +
    '\n' +
    `A request is one JSON document, {"command":"swarm.update","args":{...}}, POSTed to the bridge URL with the bearer token from the token variable; the client wrapper does this for you — node "$BATON_SWARM_CLIENT" swarm.update '{"event":"...","payload":{...}}'. Arguments are checked against closed schemas, so an unknown field refuses.\n` +
    '\n' +
    'A success answers {"ok":true,"result":...}. swarm.update answers the refreshed view: the contribution it recorded is in it, carrying the seq of the event that recorded it — read the answer and confirm the recorded seq before you call the work published.\n' +
    '\n' +
    'A refusal answers {"ok":false,"error":{"message","code","detail"}} on the same stream, and its message begins "Nothing was recorded:" followed by what to change. node "$BATON_SWARM_CLIENT" --help renders the full command help locally, before any credential is read.'
  
      at TestContext.<anonymous> (file:///private/tmp/baton-resident-20260921/.baton/wt/ws-e12b559363c15f3500594c8b499400ad/impl/test/swarm-brief-surface.test.mjs:157:10)
      at process.processTicksAndRejections (node:internal/process/task_queues:104:5)
      at async Test.run (node:internal/test_runner/test:1208:7)
      at async startSubtestAfterBootstrap (node:internal/test_runner/harness:385:3) {
    generatedMessage: true,
    code: 'ERR_ASSERTION',
    actual: 'Your native tools, skills, and delegation remain available. You can coordinate directly with this swarm using your own granted authority.\n\nRun node "$BATON_SWARM_CLIENT" swarm.view to see participants, shared context, knowledge, available actions, and your current permissions. Add "projection":"outline" to read one slice instead of the whole record — the bridge answers a view too large for its frame with the projection that fits.\n\nswarm.view projection — one of: full, outline, participants, contributions, attention, guidance, workspace, knowledge, context, situation\n\nevidence.search fields — one of: swarmId, participantId, kind, path, query, afterSeq\n\nA closed-set refusal carries the admitted values in detail.admitted and reads "<field> must be one of: ..."; an unknown-field refusal carries the admitted fields the same way. Absent swarm.view projection means full.\n\nRun node "$BATON_SWARM_CLIENT" swarm.update to publish a finding: {"event":"swarm.contribution_recorded","payload":{"body":"your whole report"}} — put the whole report inside the payload\'s `body` field, the payload shape is closed, and an unknown field refuses. A contributionId you omit is minted per call from your identity and that call\'s key, so every such update records a NEW contribution; an id the swarm already holds REFUSES (`contribution_duplicate`), never extends — a correction is its own contribution, and `swarm.contribution_reviewed` is how recorders settle what they already hold. Group, work, context, and review updates use the permitted event kinds shown by swarm.view — the `updates` field lists, beside availableActions, exactly the kinds you may send now and the permission that admits each.\n\nUse swarm.guide to speak to a participant, swarm.recruit to bring in help when granted, and swarm.watch to await relevant updates. These commands use participant names; no worker, fence, pause, or approval choreography is required. Participants with review authority can capture and check contributions. Participants with organize authority can integrate accepted contributions. Record a contribution before requesting review or landing.\n\nDeclare your assignment done with swarm.update {"event":"swarm.participant_left","payload":{"reason":"completed"}}, then end your turn. Baton delivers the final report to your orchestrator and completes the worker. Ordinary turn completion keeps the assignment available for guidance.\n\nThe knowledge layer is part of this loop. Every verb below is callable on this bridge; the permission that admits each is named on swarm.view `updates`, and the swarm section of your brief names the ONE situation each is for:\n- run.knowledge.seed [contribute] — pin a durable fact — typed, grounded, evidence-linked — that your peers must be able to find.\n- run.board.post [contribute] — keep one runnable item on your own run’s board.\n- run.board.read [read] — read the board bound to your own run.\n- run.scratchpad.append [contribute] — note working state in your scratchpad — the shared scope is visible to your peers.\n- run.scratchpad.read [read] — read your scratchpad or the run-shared scope back.\n- run.scratchpad.elevate [contribute] — elevate your own scratchpad entries to candidate Findings.\n- evidence.search [read] — find a fact by text, participant or kind across the swarm.\nA fact you seed is durable and attributed to your seat: every peer finds it with evidence search, it shows on swarm.view `knowledge` rows, and it lands on the wake stream as a `knowledge` row — nobody’s root has to copy it.\n\nThe reading half is part of this loop: three read-only verbs read MORE than your brief carries — a context package’s branches, what your peers have landed, and what they are doing now. Read-only means nothing is recorded either way: a refusal is the only thing that can come back, and it is typed.\n- run.package.read [read] — read a context package attached to your run or your swarm — its branch list, or one branch’s text by name.\n- run.contributions.read [read] — read what has been contributed on your swarm since a seq — each row with its files and its review state.\n- run.peers.read [read] — read what the other seats that can act are doing now — their scopes, what they hold, and their last checkpoint.\nName the digest or the seq you read from your brief; the answer is bounded, and a bounded answer says so (`truncated` with the `cursor` to continue from) rather than dropping rows.\n\nYour checkout is a private git worktree. Compare a failure against a clean baseline with `git worktree add <scratch-dir> <base>` (or `git show <base>:<path>` for one file) — `git stash` is refused in a lane worktree because the worktrees of one repository share a single `refs/stash` stack. Every `git commit` in the checkout is attributed to your seat as a `worktree.commit_recorded` row; while another seat holds the declared exclusive `writer` coupling over the checkout, the commit still lands — recorded as a `swarm.coupling_writer_bypassed` bypass naming both seats — so release or take the coupling instead of writing silently.\n\nThe client fills your swarm identity and a per-call idempotency key. Naming that key again replays an operation that already completed; a NEW attempt needs a NEW key (only swarm.recruit and swarm.holder_released may be re-attempted under theirs). Keep the bridge credential private; never print environment variables containing tokens.\n\nA refusal is never silent: an answer that begins "Nothing was recorded:" says what to change, and every refusal is recorded in the swarm, so your orchestrator sees it and your own participant row shows it as lastRefusal until a later operation of the same command succeeds.\n\nThe bridge is located by environment variable NAMES only — BATON_SWARM_BRIDGE_URL, BATON_SWARM_BRIDGE_TOKEN, BATON_SWARM_BRIDGE_SWARM_ID, BATON_SWARM_BRIDGE_PARTICIPANT_ID, BATON_SWARM_BRIDGE_RUN_ID (and BATON_SWARM_BRIDGE_FRAME_BYTES names the negotiated frame ceiling, while BATON_SWARM_BRIDGE_AUTOWAKE carries the wake narrowing this seat\'s session opened its subscription with). Read them; never print their values: the token variable carries your private credential.\n\nA request is one JSON document, {"command":"swarm.update","args":{...}}, POSTed to the bridge URL with the bearer token from the token variable; the client wrapper does this for you — node "$BATON_SWARM_CLIENT" swarm.update \'{"event":"...","payload":{...}}\'. Arguments are checked against closed schemas, so an unknown field refuses.\n\nA success answers {"ok":true,"result":...}. swarm.update answers the refreshed view: the contribution it recorded is in it, carrying the seq of the event that recorded it — read the answer and confirm the recorded seq before you call the work published.\n\nA refusal answers {"ok":false,"error":{"message","code","detail"}} on the same stream, and its message begins "Nothing was recorded:" followed by what to change. node "$BATON_SWARM_CLIENT" --help renders the full command help locally, before any credential is read.',
    expected: /ending a turn without publishing/u,
    operator: 'match',
    diff: 'simple'
  }
