source.bundle: OK
provision.sh: OK
qualify.py: OK
executor.sh: OK
collect.py: OK
toolchain.sha256: OK
python-stdlib.sha256: OK
staged/node-v22.15.0-linux-x64.tar.xz: OK
staged/typescript-5.9.3.tgz: OK
staged/LLVM-20.1.8-Linux-X64.tar.xz: OK
v22.15.0
5.9.3
clang version 20.1.8 (https://github.com/llvm/llvm-project 87f0227cb60147a26a1eeb4fb06e3b505e9c7261)
Target: x86_64-unknown-linux-gnu
Thread model: posix
InstalledDir: /mnt/nvme4tb/ci-runners/baton2-native-homelab/qualifications/code-semantics-d5384042/staged/llvm/bin
clangd version 20.1.8 (https://github.com/llvm/llvm-project 87f0227cb60147a26a1eeb4fb06e3b505e9c7261)
Features: linux
Platform: x86_64-unknown-linux-gnu
d5384042dff2d108496b25e2422220fc2a701556
52d88eecbf7addba0feb850f4a8d48f3e3f48f9b
