[m0 2026-07-23T23:31:16.839Z] grammar M0 wave started through baton.waves (1 members)
[m0 2026-07-23T23:31:36.842Z] progress 21s grammar-m0-implementer=running
[m0 2026-07-23T23:31:56.845Z] progress 41s grammar-m0-implementer=running
[m0 2026-07-23T23:32:16.848Z] progress 61s grammar-m0-implementer=running
[m0 2026-07-23T23:32:36.856Z] progress 81s grammar-m0-implementer=running
[m0 2026-07-23T23:32:56.860Z] progress 101s grammar-m0-implementer=running
[m0 2026-07-23T23:33:16.863Z] progress 121s grammar-m0-implementer=running
[m0 2026-07-23T23:33:36.865Z] progress 141s grammar-m0-implementer=running
[m0 2026-07-23T23:33:56.868Z] progress 161s grammar-m0-implementer=running
[m0 2026-07-23T23:34:16.870Z] progress 181s grammar-m0-implementer=running
[m0 2026-07-23T23:34:36.873Z] progress 201s grammar-m0-implementer=running
[m0 2026-07-23T23:34:56.874Z] progress 221s grammar-m0-implementer=running
[m0 2026-07-23T23:35:16.877Z] progress 241s grammar-m0-implementer=running
[m0 2026-07-23T23:35:36.879Z] progress 261s grammar-m0-implementer=running
[m0 2026-07-23T23:35:56.882Z] progress 281s grammar-m0-implementer=running
[m0 2026-07-23T23:36:16.885Z] progress 301s grammar-m0-implementer=running
[m0 2026-07-23T23:36:36.887Z] progress 321s grammar-m0-implementer=running
[m0 2026-07-23T23:36:56.890Z] progress 341s grammar-m0-implementer=running
[m0 2026-07-23T23:37:16.893Z] progress 361s grammar-m0-implementer=running
[m0 2026-07-23T23:37:36.897Z] progress 381s grammar-m0-implementer=running
[m0 2026-07-23T23:37:56.899Z] progress 401s grammar-m0-implementer=running
[m0 2026-07-23T23:38:16.901Z] progress 421s grammar-m0-implementer=running
[m0 2026-07-23T23:38:36.904Z] progress 441s grammar-m0-implementer=running
[m0 2026-07-23T23:38:56.908Z] progress 461s grammar-m0-implementer=running
[m0 2026-07-23T23:39:16.910Z] progress 481s grammar-m0-implementer=running
[m0 2026-07-23T23:39:36.914Z] progress 501s grammar-m0-implementer=running
[m0 2026-07-23T23:39:56.917Z] progress 521s grammar-m0-implementer=running
[m0 2026-07-23T23:40:16.920Z] progress 541s grammar-m0-implementer=running
[m0 2026-07-23T23:40:36.921Z] progress 561s grammar-m0-implementer=running
[m0 2026-07-23T23:40:56.924Z] progress 581s grammar-m0-implementer=running
[m0 2026-07-23T23:41:16.927Z] progress 601s grammar-m0-implementer=running
[m0 2026-07-23T23:41:36.937Z] progress 621s grammar-m0-implementer=running
[m0 2026-07-23T23:41:56.944Z] progress 641s grammar-m0-implementer=running
[m0 2026-07-23T23:42:16.949Z] progress 661s grammar-m0-implementer=running
[m0 2026-07-23T23:42:36.953Z] progress 681s grammar-m0-implementer=running
[m0 2026-07-23T23:42:56.972Z] progress 701s grammar-m0-implementer=running
[m0 2026-07-23T23:43:16.980Z] progress 721s grammar-m0-implementer=running
[m0 2026-07-23T23:43:36.996Z] progress 741s grammar-m0-implementer=running
[m0 2026-07-23T23:43:57.001Z] progress 761s grammar-m0-implementer=running
[m0 2026-07-23T23:44:17.006Z] progress 781s grammar-m0-implementer=running
[m0 2026-07-23T23:44:37.010Z] progress 801s grammar-m0-implementer=running
[m0 2026-07-23T23:44:57.012Z] progress 821s grammar-m0-implementer=running
[m0 2026-07-23T23:45:17.021Z] progress 841s grammar-m0-implementer=running
[m0 2026-07-23T23:45:37.032Z] progress 861s grammar-m0-implementer=running
[m0 2026-07-23T23:45:57.043Z] progress 881s grammar-m0-implementer=running
[m0 2026-07-23T23:46:17.050Z] progress 901s grammar-m0-implementer=running
[m0 2026-07-23T23:46:37.062Z] progress 921s grammar-m0-implementer=running
[m0 2026-07-23T23:46:57.068Z] progress 941s grammar-m0-implementer=running
[m0 2026-07-23T23:47:17.078Z] progress 961s grammar-m0-implementer=running
[m0 2026-07-23T23:47:37.130Z] progress 981s grammar-m0-implementer=running
[m0 2026-07-23T23:47:57.138Z] progress 1001s grammar-m0-implementer=running
[m0 2026-07-23T23:48:17.153Z] progress 1021s grammar-m0-implementer=running
[m0 2026-07-23T23:48:37.158Z] progress 1041s grammar-m0-implementer=running
[m0 2026-07-23T23:48:57.163Z] progress 1061s grammar-m0-implementer=running
[m0 2026-07-23T23:49:17.179Z] progress 1081s grammar-m0-implementer=running
[m0 2026-07-23T23:49:37.205Z] progress 1101s grammar-m0-implementer=running
[m0 2026-07-23T23:49:57.232Z] progress 1121s grammar-m0-implementer=running
[m0 2026-07-23T23:50:17.242Z] progress 1141s grammar-m0-implementer=running
[m0 2026-07-23T23:50:37.254Z] progress 1161s grammar-m0-implementer=running
[m0 2026-07-23T23:50:57.267Z] progress 1181s grammar-m0-implementer=running
[m0 2026-07-23T23:51:17.277Z] progress 1201s grammar-m0-implementer=running
[m0 2026-07-23T23:51:37.291Z] progress 1221s grammar-m0-implementer=running
[m0 2026-07-23T23:51:57.298Z] progress 1241s grammar-m0-implementer=running
[m0 2026-07-23T23:52:17.308Z] progress 1261s grammar-m0-implementer=running
[m0 2026-07-23T23:52:37.313Z] progress 1281s grammar-m0-implementer=running
[m0 2026-07-23T23:52:57.318Z] progress 1301s grammar-m0-implementer=running
[m0 2026-07-23T23:53:17.340Z] progress 1321s grammar-m0-implementer=running
[m0 2026-07-23T23:53:37.351Z] progress 1341s grammar-m0-implementer=running
[m0 2026-07-23T23:53:57.363Z] progress 1361s grammar-m0-implementer=running
[m0 2026-07-23T23:54:17.372Z] progress 1381s grammar-m0-implementer=running
[m0 2026-07-23T23:54:37.379Z] progress 1401s grammar-m0-implementer=running
[m0 2026-07-23T23:54:57.390Z] progress 1421s grammar-m0-implementer=running
[m0 2026-07-23T23:55:17.397Z] progress 1441s grammar-m0-implementer=running
[m0 2026-07-23T23:55:37.410Z] progress 1461s grammar-m0-implementer=running
[m0 2026-07-23T23:55:57.421Z] progress 1481s grammar-m0-implementer=running
[m0 2026-07-23T23:56:17.433Z] progress 1501s grammar-m0-implementer=running
[m0 2026-07-23T23:56:37.449Z] progress 1521s grammar-m0-implementer=running
[m0 2026-07-23T23:56:57.459Z] progress 1541s grammar-m0-implementer=running
[m0 2026-07-23T23:57:17.466Z] progress 1561s grammar-m0-implementer=running
[m0 2026-07-23T23:57:37.478Z] progress 1581s grammar-m0-implementer=running
[m0 2026-07-23T23:57:57.483Z] progress 1601s grammar-m0-implementer=running
[m0 2026-07-23T23:58:17.494Z] progress 1621s grammar-m0-implementer=running
[m0 2026-07-23T23:58:37.502Z] progress 1641s grammar-m0-implementer=running
[m0 2026-07-23T23:58:57.514Z] progress 1661s grammar-m0-implementer=paused[[object Object]]
[m0 2026-07-23T23:58:57.660Z] steered nudge_turn on pause:baton-df992a2f17cd39d343a0bf2b-work:251 for grammar-m0-implementer
[m0 2026-07-23T23:59:17.669Z] progress 1681s grammar-m0-implementer=running
[m0 2026-07-23T23:59:37.680Z] progress 1701s grammar-m0-implementer=running
[m0 2026-07-23T23:59:57.691Z] progress 1721s grammar-m0-implementer=running
[m0 2026-07-24T00:00:17.705Z] progress 1741s grammar-m0-implementer=running
[m0 2026-07-24T00:00:37.724Z] progress 1761s grammar-m0-implementer=running
[m0 2026-07-24T00:00:57.736Z] progress 1781s grammar-m0-implementer=running
[m0 2026-07-24T00:01:17.751Z] progress 1801s grammar-m0-implementer=running
[m0 2026-07-24T00:01:37.767Z] progress 1821s grammar-m0-implementer=running
[m0 2026-07-24T00:01:57.784Z] progress 1842s grammar-m0-implementer=running
[m0 2026-07-24T00:02:17.795Z] progress 1862s grammar-m0-implementer=running
[m0 2026-07-24T00:02:37.801Z] progress 1882s grammar-m0-implementer=running
[m0 2026-07-24T00:02:57.812Z] progress 1902s grammar-m0-implementer=running
[m0 2026-07-24T00:03:17.818Z] progress 1922s grammar-m0-implementer=running
[m0 2026-07-24T00:03:37.826Z] progress 1942s grammar-m0-implementer=running
[m0 2026-07-24T00:03:57.830Z] progress 1962s grammar-m0-implementer=running
[m0 2026-07-24T00:04:17.838Z] progress 1982s grammar-m0-implementer=running
[m0 2026-07-24T00:04:37.852Z] progress 2002s grammar-m0-implementer=running
[m0 2026-07-24T00:04:57.855Z] progress 2022s grammar-m0-implementer=running
[m0 2026-07-24T00:05:17.864Z] progress 2042s grammar-m0-implementer=running
[m0 2026-07-24T00:05:37.872Z] progress 2062s grammar-m0-implementer=running
[m0 2026-07-24T00:05:57.877Z] progress 2082s grammar-m0-implementer=running
[m0 2026-07-24T00:06:17.888Z] progress 2102s grammar-m0-implementer=running
[m0 2026-07-24T00:06:37.898Z] progress 2122s grammar-m0-implementer=running
[m0 2026-07-24T00:06:57.908Z] progress 2142s grammar-m0-implementer=running
[m0 2026-07-24T00:07:17.953Z] progress 2162s grammar-m0-implementer=running
[m0 2026-07-24T00:07:37.964Z] progress 2182s grammar-m0-implementer=running
[m0 2026-07-24T00:07:57.976Z] progress 2202s grammar-m0-implementer=running
[m0 2026-07-24T00:08:17.989Z] progress 2222s grammar-m0-implementer=running
[m0 2026-07-24T00:08:38.002Z] progress 2242s grammar-m0-implementer=running
[m0 2026-07-24T00:08:58.012Z] progress 2262s grammar-m0-implementer=running
[m0 2026-07-24T00:09:18.025Z] progress 2282s grammar-m0-implementer=running
[m0 2026-07-24T00:09:38.036Z] progress 2302s grammar-m0-implementer=running
[m0 2026-07-24T00:09:58.055Z] progress 2322s grammar-m0-implementer=running
[m0 2026-07-24T00:10:18.080Z] progress 2342s grammar-m0-implementer=running
[m0 2026-07-24T00:10:38.092Z] progress 2362s grammar-m0-implementer=running
[m0 2026-07-24T00:10:58.107Z] progress 2382s grammar-m0-implementer=running
[m0 2026-07-24T00:11:18.125Z] progress 2402s grammar-m0-implementer=running
[m0 2026-07-24T00:11:38.136Z] progress 2422s grammar-m0-implementer=running
[m0 2026-07-24T00:11:58.145Z] progress 2442s grammar-m0-implementer=running
[m0 2026-07-24T00:12:18.163Z] progress 2462s grammar-m0-implementer=paused[[object Object]]
[m0 2026-07-24T00:12:38.318Z] progress 2482s grammar-m0-implementer=paused[[object Object]]
[m0 2026-07-24T00:12:58.580Z] progress 2502s grammar-m0-implementer=paused[[object Object]]
[m0 2026-07-24T00:13:18.602Z] progress 2522s grammar-m0-implementer=paused[[object Object]]
[m0 2026-07-24T00:13:38.615Z] progress 2542s grammar-m0-implementer=paused[[object Object]]
[m0 2026-07-24T00:13:58.629Z] progress 2562s grammar-m0-implementer=paused[[object Object]]
[m0 2026-07-24T00:14:18.641Z] progress 2582s grammar-m0-implementer=paused[[object Object]]
[m0 2026-07-24T00:14:38.627Z] progress 2602s grammar-m0-implementer=paused[[object Object]]
[m0 2026-07-24T00:14:58.671Z] progress 2622s grammar-m0-implementer=paused[[object Object]]
[m0 2026-07-24T00:15:18.738Z] progress 2642s grammar-m0-implementer=paused[[object Object]]
[m0 2026-07-24T00:15:38.960Z] progress 2663s grammar-m0-implementer=paused[[object Object]]
[m0 2026-07-24T00:15:58.971Z] progress 2683s grammar-m0-implementer=paused[[object Object]]
[m0 2026-07-24T00:16:18.981Z] progress 2703s grammar-m0-implementer=paused[[object Object]]
[m0 2026-07-24T00:16:39.238Z] progress 2723s grammar-m0-implementer=paused[[object Object]]
[m0 2026-07-24T00:16:59.250Z] progress 2743s grammar-m0-implementer=paused[[object Object]]
[m0 2026-07-24T00:17:19.258Z] progress 2763s grammar-m0-implementer=paused[[object Object]]
[m0 2026-07-24T00:17:39.270Z] progress 2783s grammar-m0-implementer=paused[[object Object]]
[m0 2026-07-24T00:17:59.280Z] progress 2803s grammar-m0-implementer=paused[[object Object]]
[m0 2026-07-24T00:18:19.290Z] progress 2823s grammar-m0-implementer=paused[[object Object]]
[m0 2026-07-24T00:18:39.300Z] progress 2843s grammar-m0-implementer=paused[[object Object]]
[m0 2026-07-24T00:18:59.306Z] progress 2863s grammar-m0-implementer=paused[[object Object]]
[m0 2026-07-24T00:19:19.331Z] progress 2883s grammar-m0-implementer=paused[[object Object]]
[m0 2026-07-24T00:19:39.345Z] progress 2903s grammar-m0-implementer=paused[[object Object]]
[m0 2026-07-24T00:19:59.502Z] progress 2923s grammar-m0-implementer=paused[[object Object]]
[m0 2026-07-24T00:20:19.515Z] progress 2943s grammar-m0-implementer=paused[[object Object]]
[m0 2026-07-24T00:20:39.560Z] progress 2963s grammar-m0-implementer=paused[[object Object]]
[m0 2026-07-24T00:20:59.574Z] progress 2983s grammar-m0-implementer=paused[[object Object]]
[m0 2026-07-24T00:21:19.608Z] progress 3003s grammar-m0-implementer=paused[[object Object]]
[m0 2026-07-24T00:21:39.723Z] progress 3023s grammar-m0-implementer=paused[[object Object]]
[m0 2026-07-24T00:21:59.736Z] progress 3043s grammar-m0-implementer=paused[[object Object]]
[m0 2026-07-24T00:22:19.768Z] progress 3063s grammar-m0-implementer=paused[[object Object]]
[m0 2026-07-24T00:22:39.784Z] progress 3084s grammar-m0-implementer=paused[[object Object]]
[m0 2026-07-24T00:22:59.843Z] progress 3104s grammar-m0-implementer=paused[[object Object]]
[m0 2026-07-24T00:23:19.858Z] progress 3124s grammar-m0-implementer=paused[[object Object]]
[m0 2026-07-24T00:23:39.875Z] progress 3144s grammar-m0-implementer=paused[[object Object]]
[m0 2026-07-24T00:23:59.924Z] progress 3164s grammar-m0-implementer=paused[[object Object]]
[m0 2026-07-24T00:24:19.951Z] progress 3184s grammar-m0-implementer=paused[[object Object]]
[m0 2026-07-24T00:24:39.957Z] progress 3204s grammar-m0-implementer=paused[[object Object]]
[m0 2026-07-24T00:24:59.970Z] progress 3224s grammar-m0-implementer=paused[[object Object]]
[m0 2026-07-24T00:25:19.995Z] progress 3244s grammar-m0-implementer=paused[[object Object]]
[m0 2026-07-24T00:25:40.002Z] progress 3264s grammar-m0-implementer=paused[[object Object]]
[m0 2026-07-24T00:26:00.028Z] progress 3284s grammar-m0-implementer=paused[[object Object]]
[m0 2026-07-24T00:26:20.033Z] progress 3304s grammar-m0-implementer=paused[[object Object]]
[m0 2026-07-24T00:26:40.050Z] progress 3324s grammar-m0-implementer=paused[[object Object]]
[m0 2026-07-24T00:27:00.080Z] progress 3344s grammar-m0-implementer=paused[[object Object]]
[m0 2026-07-24T00:27:20.094Z] progress 3364s grammar-m0-implementer=paused[[object Object]]
[m0 2026-07-24T00:27:40.107Z] progress 3384s grammar-m0-implementer=paused[[object Object]]
[m0 2026-07-24T00:28:00.135Z] progress 3404s grammar-m0-implementer=paused[[object Object]]
[m0 2026-07-24T00:28:20.163Z] progress 3424s grammar-m0-implementer=paused[[object Object]]
[m0 2026-07-24T00:28:40.260Z] progress 3444s grammar-m0-implementer=paused[[object Object]]
[m0 2026-07-24T00:29:00.283Z] progress 3464s grammar-m0-implementer=paused[[object Object]]
[m0 2026-07-24T00:29:20.291Z] progress 3484s grammar-m0-implementer=paused[[object Object]]
[m0 2026-07-24T00:29:40.306Z] progress 3504s grammar-m0-implementer=paused[[object Object]]
[m0 2026-07-24T00:30:00.314Z] progress 3524s grammar-m0-implementer=paused[[object Object]]
[m0 2026-07-24T00:30:20.337Z] progress 3544s grammar-m0-implementer=paused[[object Object]]
[m0 2026-07-24T00:30:40.343Z] progress 3564s grammar-m0-implementer=paused[[object Object]]
[m0 2026-07-24T00:31:00.378Z] progress 3584s grammar-m0-implementer=paused[[object Object]]
[m0 2026-07-24T00:31:20.394Z] progress 3604s grammar-m0-implementer=paused[[object Object]]
[m0 2026-07-24T00:31:40.422Z] progress 3624s grammar-m0-implementer=paused[[object Object]]
[m0 2026-07-24T00:32:00.439Z] progress 3644s grammar-m0-implementer=paused[[object Object]]
[m0 2026-07-24T00:32:20.443Z] progress 3664s grammar-m0-implementer=paused[[object Object]]
[m0 2026-07-24T00:32:40.453Z] progress 3684s grammar-m0-implementer=paused[[object Object]]
[m0 2026-07-24T00:33:00.457Z] progress 3704s grammar-m0-implementer=paused[[object Object]]
[m0 2026-07-24T00:33:20.473Z] progress 3724s grammar-m0-implementer=paused[[object Object]]
[m0 2026-07-24T00:33:40.536Z] progress 3744s grammar-m0-implementer=paused[[object Object]]
[m0 2026-07-24T00:34:00.552Z] progress 3764s grammar-m0-implementer=paused[[object Object]]
[m0 2026-07-24T00:34:20.576Z] progress 3784s grammar-m0-implementer=paused[[object Object]]
[m0 2026-07-24T00:34:40.585Z] progress 3804s grammar-m0-implementer=paused[[object Object]]
[m0 2026-07-24T00:35:00.598Z] progress 3824s grammar-m0-implementer=paused[[object Object]]
[m0 2026-07-24T00:35:20.609Z] progress 3844s grammar-m0-implementer=paused[[object Object]]
[m0 2026-07-24T00:35:40.617Z] progress 3864s grammar-m0-implementer=paused[[object Object]]
[m0 2026-07-24T00:36:00.648Z] progress 3884s grammar-m0-implementer=paused[[object Object]]
[m0 2026-07-24T00:36:20.661Z] progress 3904s grammar-m0-implementer=paused[[object Object]]
[m0 2026-07-24T00:36:40.668Z] progress 3924s grammar-m0-implementer=paused[[object Object]]
[m0 2026-07-24T00:37:00.674Z] progress 3944s grammar-m0-implementer=paused[[object Object]]
[m0 2026-07-24T00:37:20.683Z] progress 3964s grammar-m0-implementer=paused[[object Object]]
[m0 2026-07-24T00:37:40.688Z] progress 3984s grammar-m0-implementer=paused[[object Object]]
[m0 2026-07-24T00:38:00.698Z] progress 4004s grammar-m0-implementer=paused[[object Object]]
[m0 2026-07-24T00:38:20.711Z] progress 4024s grammar-m0-implementer=paused[[object Object]]
[m0 2026-07-24T00:38:40.716Z] progress 4044s grammar-m0-implementer=paused[[object Object]]
[m0 2026-07-24T00:39:00.732Z] progress 4064s grammar-m0-implementer=paused[[object Object]]
[m0 2026-07-24T00:39:20.740Z] progress 4084s grammar-m0-implementer=paused[[object Object]]
[m0 2026-07-24T00:39:40.741Z] progress 4104s grammar-m0-implementer=paused[[object Object]]
[m0 2026-07-24T00:40:00.748Z] progress 4124s grammar-m0-implementer=paused[[object Object]]
[m0 2026-07-24T00:40:20.752Z] progress 4144s grammar-m0-implementer=paused[[object Object]]
[m0 2026-07-24T00:40:40.755Z] progress 4164s grammar-m0-implementer=paused[[object Object]]
[m0 2026-07-24T00:41:00.757Z] progress 4184s grammar-m0-implementer=paused[[object Object]]
[m0 2026-07-24T00:41:20.760Z] progress 4204s grammar-m0-implementer=paused[[object Object]]
[m0 2026-07-24T00:41:40.761Z] progress 4224s grammar-m0-implementer=paused[[object Object]]
[m0 2026-07-24T00:42:00.775Z] progress 4244s grammar-m0-implementer=paused[[object Object]]
[m0 2026-07-24T00:42:20.780Z] progress 4265s grammar-m0-implementer=paused[[object Object]]
[m0 2026-07-24T00:42:40.789Z] progress 4285s grammar-m0-implementer=paused[[object Object]]
[m0 2026-07-24T00:43:00.791Z] progress 4305s grammar-m0-implementer=paused[[object Object]]
[m0 2026-07-24T00:43:20.798Z] progress 4325s grammar-m0-implementer=paused[[object Object]]
[m0 2026-07-24T00:43:40.814Z] progress 4345s grammar-m0-implementer=paused[[object Object]]
[m0 2026-07-24T00:44:00.818Z] progress 4365s grammar-m0-implementer=paused[[object Object]]
[m0 2026-07-24T00:44:20.827Z] progress 4385s grammar-m0-implementer=paused[[object Object]]
[m0 2026-07-24T00:44:40.832Z] progress 4405s grammar-m0-implementer=paused[[object Object]]
[m0 2026-07-24T00:45:00.839Z] progress 4425s grammar-m0-implementer=paused[[object Object]]
[m0 2026-07-24T00:45:20.843Z] progress 4445s grammar-m0-implementer=paused[[object Object]]
[m0 2026-07-24T00:45:40.861Z] progress 4465s grammar-m0-implementer=paused[[object Object]]
[m0 2026-07-24T00:46:00.863Z] progress 4485s grammar-m0-implementer=paused[[object Object]]
[m0 2026-07-24T00:46:20.866Z] progress 4505s grammar-m0-implementer=paused[[object Object]]
[m0 2026-07-24T00:46:40.871Z] progress 4525s grammar-m0-implementer=paused[[object Object]]
[m0 2026-07-24T00:47:00.874Z] progress 4545s grammar-m0-implementer=paused[[object Object]]
[m0 2026-07-24T00:47:20.875Z] progress 4565s grammar-m0-implementer=paused[[object Object]]
[m0 2026-07-24T00:47:40.879Z] progress 4585s grammar-m0-implementer=paused[[object Object]]
[m0 2026-07-24T00:48:00.882Z] progress 4605s grammar-m0-implementer=paused[[object Object]]
[m0 2026-07-24T00:48:20.885Z] progress 4625s grammar-m0-implementer=paused[[object Object]]
[m0 2026-07-24T00:48:40.888Z] progress 4645s grammar-m0-implementer=paused[[object Object]]
[m0 2026-07-24T00:49:00.891Z] progress 4665s grammar-m0-implementer=paused[[object Object]]
[m0 2026-07-24T00:49:20.894Z] progress 4685s grammar-m0-implementer=paused[[object Object]]
[m0 2026-07-24T00:49:40.896Z] progress 4705s grammar-m0-implementer=paused[[object Object]]
[m0 2026-07-24T00:50:00.899Z] progress 4725s grammar-m0-implementer=paused[[object Object]]
[m0 2026-07-24T00:50:20.903Z] progress 4745s grammar-m0-implementer=paused[[object Object]]
[m0 2026-07-24T00:50:40.907Z] progress 4765s grammar-m0-implementer=paused[[object Object]]
[m0 2026-07-24T00:51:00.910Z] progress 4785s grammar-m0-implementer=paused[[object Object]]
[m0 2026-07-24T00:51:20.917Z] progress 4805s grammar-m0-implementer=paused[[object Object]]
[m0 2026-07-24T00:51:40.921Z] progress 4825s grammar-m0-implementer=paused[[object Object]]
[m0 2026-07-24T00:52:00.925Z] progress 4845s grammar-m0-implementer=paused[[object Object]]
[m0 2026-07-24T00:52:20.932Z] progress 4865s grammar-m0-implementer=paused[[object Object]]
[m0 2026-07-24T00:52:40.935Z] progress 4885s grammar-m0-implementer=paused[[object Object]]
[m0 2026-07-24T00:53:00.938Z] progress 4905s grammar-m0-implementer=paused[[object Object]]
[m0 2026-07-24T00:53:20.942Z] progress 4925s grammar-m0-implementer=paused[[object Object]]
[m0 2026-07-24T00:53:40.945Z] progress 4945s grammar-m0-implementer=paused[[object Object]]
[m0 2026-07-24T00:54:00.950Z] progress 4965s grammar-m0-implementer=paused[[object Object]]
[m0 2026-07-24T00:54:20.958Z] progress 4985s grammar-m0-implementer=paused[[object Object]]
[m0 2026-07-24T00:54:40.966Z] progress 5005s grammar-m0-implementer=paused[[object Object]]
[m0 2026-07-24T00:55:00.974Z] progress 5025s grammar-m0-implementer=paused[[object Object]]
[m0 2026-07-24T00:55:20.980Z] progress 5045s grammar-m0-implementer=paused[[object Object]]
[m0 2026-07-24T00:55:40.987Z] progress 5065s grammar-m0-implementer=paused[[object Object]]
[m0 2026-07-24T00:56:00.995Z] progress 5085s grammar-m0-implementer=paused[[object Object]]
[m0 2026-07-24T00:56:21.003Z] progress 5105s grammar-m0-implementer=paused[[object Object]]
[m0 2026-07-24T00:56:41.010Z] progress 5125s grammar-m0-implementer=paused[[object Object]]
[m0 2026-07-24T00:57:01.023Z] progress 5145s grammar-m0-implementer=paused[[object Object]]
[m0 2026-07-24T00:57:21.029Z] progress 5165s grammar-m0-implementer=paused[[object Object]]
[m0 2026-07-24T00:57:41.041Z] progress 5185s grammar-m0-implementer=paused[[object Object]]
[m0 2026-07-24T00:58:01.048Z] progress 5205s grammar-m0-implementer=paused[[object Object]]
[m0 2026-07-24T00:58:21.056Z] progress 5225s grammar-m0-implementer=paused[[object Object]]
[m0 2026-07-24T00:58:41.059Z] progress 5245s grammar-m0-implementer=paused[[object Object]]
[m0 2026-07-24T00:59:01.130Z] progress 5265s grammar-m0-implementer=paused[[object Object]]
[m0 2026-07-24T00:59:21.137Z] progress 5285s grammar-m0-implementer=paused[[object Object]]
[m0 2026-07-24T00:59:41.152Z] progress 5305s grammar-m0-implementer=paused[[object Object]]
[m0 2026-07-24T01:00:01.163Z] progress 5325s grammar-m0-implementer=paused[[object Object]]
[m0 2026-07-24T01:00:21.175Z] progress 5345s grammar-m0-implementer=paused[[object Object]]
[m0 2026-07-24T01:00:41.183Z] progress 5365s grammar-m0-implementer=paused[[object Object]]
[m0 2026-07-24T01:01:01.198Z] progress 5385s grammar-m0-implementer=paused[[object Object]]
[m0 2026-07-24T01:01:21.210Z] progress 5405s grammar-m0-implementer=paused[[object Object]]
[m0 2026-07-24T01:01:41.218Z] progress 5425s grammar-m0-implementer=paused[[object Object]]
[m0 2026-07-24T01:02:01.236Z] progress 5445s grammar-m0-implementer=paused[[object Object]]
[m0 2026-07-24T01:02:21.247Z] progress 5465s grammar-m0-implementer=paused[[object Object]]
[m0 2026-07-24T01:02:41.254Z] progress 5485s grammar-m0-implementer=paused[[object Object]]
[m0 2026-07-24T01:03:01.257Z] progress 5505s grammar-m0-implementer=paused[[object Object]]
[m0 2026-07-24T01:03:21.260Z] progress 5525s grammar-m0-implementer=paused[[object Object]]
[m0 2026-07-24T01:03:41.267Z] progress 5545s grammar-m0-implementer=paused[[object Object]]
[m0 2026-07-24T01:04:01.296Z] progress 5565s grammar-m0-implementer=paused[[object Object]]
[m0 2026-07-24T01:04:21.978Z] progress 5586s grammar-m0-implementer=paused[[object Object]]
[m0 2026-07-24T01:04:42.224Z] progress 5606s grammar-m0-implementer=paused[[object Object]]
[m0 2026-07-24T01:05:02.243Z] progress 5626s grammar-m0-implementer=paused[[object Object]]
[m0 2026-07-24T01:05:22.512Z] progress 5646s grammar-m0-implementer=paused[[object Object]]
[m0 2026-07-24T01:05:42.562Z] progress 5666s grammar-m0-implementer=paused[[object Object]]
[m0 2026-07-24T01:06:02.582Z] progress 5686s grammar-m0-implementer=paused[[object Object]]
[m0 2026-07-24T01:06:22.593Z] progress 5706s grammar-m0-implementer=paused[[object Object]]
[m0 2026-07-24T01:06:42.588Z] progress 5726s grammar-m0-implementer=paused[[object Object]]
[m0 2026-07-24T01:07:02.601Z] progress 5746s grammar-m0-implementer=paused[[object Object]]
[m0 2026-07-24T01:07:22.612Z] progress 5766s grammar-m0-implementer=paused[[object Object]]
[m0 2026-07-24T01:07:42.622Z] progress 5786s grammar-m0-implementer=paused[[object Object]]
[m0 2026-07-24T01:08:02.630Z] progress 5806s grammar-m0-implementer=paused[[object Object]]
[m0 2026-07-24T01:08:22.634Z] progress 5826s grammar-m0-implementer=paused[[object Object]]
[m0 2026-07-24T01:08:42.639Z] progress 5846s grammar-m0-implementer=paused[[object Object]]
[m0 2026-07-24T01:09:02.643Z] progress 5866s grammar-m0-implementer=paused[[object Object]]
[m0 2026-07-24T01:09:22.646Z] progress 5886s grammar-m0-implementer=paused[[object Object]]
[m0 2026-07-24T01:09:42.652Z] progress 5906s grammar-m0-implementer=paused[[object Object]]
[m0 2026-07-24T01:10:02.655Z] progress 5926s grammar-m0-implementer=paused[[object Object]]
[m0 2026-07-24T01:10:22.658Z] progress 5946s grammar-m0-implementer=paused[[object Object]]
[m0 2026-07-24T01:10:42.661Z] progress 5966s grammar-m0-implementer=paused[[object Object]]
[m0 2026-07-24T01:11:02.664Z] progress 5986s grammar-m0-implementer=paused[[object Object]]
[m0 2026-07-24T01:11:22.667Z] progress 6006s grammar-m0-implementer=paused[[object Object]]
[m0 2026-07-24T01:11:42.673Z] progress 6026s grammar-m0-implementer=paused[[object Object]]
[m0 2026-07-24T01:12:02.677Z] progress 6046s grammar-m0-implementer=paused[[object Object]]
[m0 2026-07-24T01:12:22.680Z] progress 6066s grammar-m0-implementer=paused[[object Object]]
[m0 2026-07-24T01:12:42.683Z] progress 6086s grammar-m0-implementer=paused[[object Object]]
[m0 2026-07-24T01:13:02.685Z] progress 6106s grammar-m0-implementer=paused[[object Object]]
[m0 2026-07-24T01:13:22.689Z] progress 6126s grammar-m0-implementer=paused[[object Object]]
[m0 2026-07-24T01:13:42.695Z] progress 6146s grammar-m0-implementer=paused[[object Object]]
[m0 2026-07-24T01:14:02.699Z] progress 6166s grammar-m0-implementer=paused[[object Object]]
[m0 2026-07-24T01:14:22.701Z] progress 6186s grammar-m0-implementer=paused[[object Object]]
[m0 2026-07-24T01:14:42.704Z] progress 6206s grammar-m0-implementer=paused[[object Object]]
[m0 2026-07-24T01:15:02.717Z] progress 6226s grammar-m0-implementer=paused[[object Object]]
[m0 2026-07-24T01:15:22.751Z] progress 6246s grammar-m0-implementer=paused[[object Object]]
[m0 2026-07-24T01:15:42.755Z] progress 6266s grammar-m0-implementer=paused[[object Object]]
[m0 2026-07-24T01:16:02.760Z] progress 6286s grammar-m0-implementer=paused[[object Object]]
[m0 2026-07-24T01:16:22.769Z] progress 6306s grammar-m0-implementer=paused[[object Object]]
[m0 2026-07-24T01:16:42.781Z] progress 6327s grammar-m0-implementer=paused[[object Object]]
[m0 2026-07-24T01:17:02.803Z] progress 6347s grammar-m0-implementer=paused[[object Object]]
[m0 2026-07-24T01:17:22.819Z] progress 6367s grammar-m0-implementer=paused[[object Object]]
[m0 2026-07-24T01:17:42.870Z] progress 6387s grammar-m0-implementer=paused[[object Object]]
[m0 2026-07-24T01:18:02.890Z] progress 6407s grammar-m0-implementer=paused[[object Object]]
[m0 2026-07-24T01:18:22.912Z] progress 6427s grammar-m0-implementer=paused[[object Object]]
[m0 2026-07-24T01:18:42.924Z] progress 6447s grammar-m0-implementer=paused[[object Object]]
[m0 2026-07-24T01:19:02.936Z] progress 6467s grammar-m0-implementer=paused[[object Object]]
[m0 2026-07-24T01:19:22.950Z] progress 6487s grammar-m0-implementer=paused[[object Object]]
[m0 2026-07-24T01:19:42.963Z] progress 6507s grammar-m0-implementer=paused[[object Object]]
[m0 2026-07-24T01:20:02.979Z] progress 6527s grammar-m0-implementer=paused[[object Object]]
[m0 2026-07-24T01:20:22.991Z] progress 6547s grammar-m0-implementer=paused[[object Object]]
[m0 2026-07-24T01:20:42.998Z] progress 6567s grammar-m0-implementer=paused[[object Object]]
[m0 2026-07-24T01:21:03.018Z] progress 6587s grammar-m0-implementer=paused[[object Object]]
[m0 2026-07-24T01:21:23.024Z] progress 6607s grammar-m0-implementer=paused[[object Object]]
[m0 2026-07-24T01:21:23.027Z] watchdog
[m0 2026-07-24T01:21:28.073Z] outcome grammar-m0-implementer: phase=paused sha=none
[m0 2026-07-24T01:21:29.065Z] close remaining=0 residueUnknown=false
[m0 2026-07-24T01:21:29.066Z] evidence written; pumpQuiescent=true
