✖ 517-a: a resume-from successor of a dead predecessor binds its retained checkout through the deployment admission (2080.341041ms)
✔ 517-b: a malformed attachment still refuses, naming the field and the shape it observed (406.320542ms)
ℹ tests 2
ℹ suites 0
ℹ pass 1
ℹ fail 1
ℹ cancelled 0
ℹ skipped 0
ℹ todo 0
ℹ duration_ms 3184.896667

✖ failing tests:

test at test/issue517-resume-from-retained-checkout.test.mjs:150:1
✖ 517-a: a resume-from successor of a dead predecessor binds its retained checkout through the deployment admission (2080.341041ms)
  AssertionError [ERR_ASSERTION]: one workspace.carried_from row for the successor
  
  0 !== 1
  
      at TestContext.<anonymous> (file:///private/tmp/baton-resident-20260921/.baton/wt/ws-ffc4b2f34d034cb6ae177887389c80a5/impl/test/issue517-resume-from-retained-checkout.test.mjs:199:10)
      at process.processTicksAndRejections (node:internal/process/task_queues:104:5)
      at async Test.run (node:internal/test_runner/test:1208:7)
      at async startSubtestAfterBootstrap (node:internal/test_runner/harness:385:3) {
    generatedMessage: false,
    code: 'ERR_ASSERTION',
    actual: 0,
    expected: 1,
    operator: 'strictEqual',
    diff: 'simple'
  }
