{
  "receipt": {
    "command": "swarm.update",
    "event": {
      "kind": "swarm.contribution_recorded",
      "seq": 240789,
      "ts": "2026-09-27T06:16:19.376Z",
      "actor": "swarm-native:swarm-bend2-20260924:bend2-git5"
    },
    "changed": [
      {
        "collection": "contributions",
        "id": "contribution-477eb8048164761a601948f56612017c",
        "seq": 240789,
        "ts": "2026-09-27T06:16:19.376Z"
      }
    ]
  },
  "next": {
    "command": "swarm.view",
    "args": {
      "swarmId": "swarm-bend2-20260924"
    }
  },
  "status": "uncommitted_work",
  "commandReceipt": {
    "idempotencyKey": "c0d1a34e-2a77-4c88-8a4b-edcff33566b5"
  }
}
