{
  "receipt": {
    "command": "swarm.update",
    "event": {
      "kind": "swarm.contribution_recorded",
      "seq": 235600,
      "ts": "2026-09-27T04:35:37.090Z",
      "actor": "swarm-native:swarm-bend2-20260924:bend2-git5"
    },
    "changed": [
      {
        "collection": "contributions",
        "id": "contribution-33ec8a06a4c833aea0d6a30ca43836ca",
        "seq": 235600,
        "ts": "2026-09-27T04:35:37.090Z"
      }
    ]
  },
  "next": {
    "command": "swarm.view",
    "args": {
      "swarmId": "swarm-bend2-20260924"
    }
  },
  "commandReceipt": {
    "idempotencyKey": "daab3089-e694-4237-9e93-e64a3e35f69a"
  }
}
