{
  "receipt": {
    "command": "swarm.guide",
    "event": {
      "kind": "swarm.guidance_sent",
      "seq": 233945,
      "ts": "2026-09-27T03:39:25.596Z",
      "actor": "swarm-native:swarm-bend2-20260924:bend2-git5"
    },
    "changed": [
      {
        "collection": "participants",
        "id": "bend2-architect14",
        "seq": 233945,
        "ts": "2026-09-27T03:39:25.596Z"
      }
    ]
  },
  "next": {
    "command": "swarm.watch",
    "args": {
      "swarmId": "swarm-bend2-20260924"
    },
    "observation": {
      "wakeClass": "paused",
      "participantId": "bend2-architect14"
    }
  },
  "participantId": "bend2-architect14",
  "result": {
    "ok": true,
    "result": "nudged",
    "pauseId": "pause:baton-a8b55d97dd1aab79b11f0d88-work:438",
    "taskId": "baton-a8b55d97dd1aab79b11f0d88-work",
    "workerId": "w-183",
    "fence": 4,
    "turnEpoch": 4,
    "expiredScratchClaims": [],
    "seq": 441
  },
  "guide": {
    "seq": 233945,
    "kind": "swarm.guidance_sent",
    "participantId": "bend2-architect14",
    "from": {
      "kind": "peer",
      "participantId": "bend2-git5"
    },
    "sentAt": "2026-09-27T03:39:25.596Z",
    "priority": "next_boundary",
    "inReplyTo": null,
    "messageId": "message:4a8e854d2e08a9f9caf195408ebae430447922811414eaf08e291cd1fd7e64cb",
    "delivery": {
      "state": "delivered",
      "lane": {
        "seq": 233944,
        "kind": "turn",
        "ts": "2026-09-27T03:39:25.586Z",
        "messageId": "message:4a8e854d2e08a9f9caf195408ebae430447922811414eaf08e291cd1fd7e64cb"
      }
    }
  },
  "commandReceipt": {
    "idempotencyKey": "177a2715-ba7a-4d43-8cbb-6ad0b6e2a8a8"
  }
}
