{
  "receipt": {
    "command": "swarm.guide",
    "event": {
      "kind": "swarm.guidance_sent",
      "seq": 234437,
      "ts": "2026-09-27T03:54:29.763Z",
      "actor": "swarm-native:swarm-bend2-20260924:bend2-git5"
    },
    "changed": [
      {
        "collection": "participants",
        "id": "bend2-architect14",
        "seq": 234437,
        "ts": "2026-09-27T03:54:29.763Z"
      }
    ]
  },
  "next": {
    "command": "swarm.watch",
    "args": {
      "swarmId": "swarm-bend2-20260924"
    },
    "observation": {
      "wakeClass": "paused",
      "participantId": "bend2-architect14"
    }
  },
  "participantId": "bend2-architect14",
  "result": {
    "ok": true,
    "result": "ok",
    "emulated": true
  },
  "guide": {
    "seq": 234437,
    "kind": "swarm.guidance_sent",
    "participantId": "bend2-architect14",
    "from": {
      "kind": "peer",
      "participantId": "bend2-git5"
    },
    "sentAt": "2026-09-27T03:54:29.763Z",
    "priority": "next_boundary",
    "inReplyTo": null,
    "messageId": "message:2808db171633db29bdb8e0386d7f458f3b73397df4f844b683807c23b230e932",
    "delivery": {
      "state": "delivered",
      "lane": {
        "seq": 234436,
        "kind": "nudge",
        "ts": "2026-09-27T03:54:29.718Z",
        "messageId": "message:2808db171633db29bdb8e0386d7f458f3b73397df4f844b683807c23b230e932"
      }
    }
  },
  "commandReceipt": {
    "idempotencyKey": "0c5180ad-1839-4d44-8db8-2fc7cbe252c5"
  }
}
