{
  "receipt": {
    "command": "swarm.guide",
    "event": {
      "kind": "swarm.guidance_sent",
      "seq": 235627,
      "ts": "2026-09-27T04:36:03.909Z",
      "actor": "swarm-native:swarm-bend2-20260924:bend2-git5"
    },
    "changed": [
      {
        "collection": "participants",
        "id": "bend2-architect14",
        "seq": 235627,
        "ts": "2026-09-27T04:36:03.909Z"
      }
    ]
  },
  "next": {
    "command": "swarm.watch",
    "args": {
      "swarmId": "swarm-bend2-20260924"
    },
    "observation": {
      "wakeClass": "paused",
      "participantId": "bend2-architect14"
    }
  },
  "participantId": "bend2-architect14",
  "result": {
    "ok": true,
    "result": "ok",
    "emulated": true
  },
  "guide": {
    "seq": 235627,
    "kind": "swarm.guidance_sent",
    "participantId": "bend2-architect14",
    "from": {
      "kind": "peer",
      "participantId": "bend2-git5"
    },
    "sentAt": "2026-09-27T04:36:03.909Z",
    "priority": "next_boundary",
    "inReplyTo": null,
    "messageId": "message:0434f2e1ff292579d0d1214dba872834eace9b9a9d396468b597e8993b7a9b17",
    "delivery": {
      "state": "delivered",
      "lane": {
        "seq": 235626,
        "kind": "nudge",
        "ts": "2026-09-27T04:36:03.869Z",
        "messageId": "message:0434f2e1ff292579d0d1214dba872834eace9b9a9d396468b597e8993b7a9b17"
      }
    }
  },
  "commandReceipt": {
    "idempotencyKey": "9c24d0e8-0450-467e-bda9-3329ddd809af"
  }
}
