{
  "receipt": {
    "command": "swarm.guide",
    "event": {
      "kind": "swarm.guidance_sent",
      "seq": 236472,
      "ts": "2026-09-27T04:58:28.815Z",
      "actor": "swarm-native:swarm-bend2-20260924:bend2-git5"
    },
    "changed": [
      {
        "collection": "participants",
        "id": "bend2-architect14",
        "seq": 236472,
        "ts": "2026-09-27T04:58:28.815Z"
      }
    ]
  },
  "next": {
    "command": "swarm.watch",
    "args": {
      "swarmId": "swarm-bend2-20260924"
    },
    "observation": {
      "wakeClass": "paused",
      "participantId": "bend2-architect14"
    }
  },
  "participantId": "bend2-architect14",
  "result": {
    "ok": true,
    "result": "nudged",
    "pauseId": "pause:baton-a8b55d97dd1aab79b11f0d88-work:863",
    "taskId": "baton-a8b55d97dd1aab79b11f0d88-work",
    "workerId": "w-183",
    "fence": 9,
    "turnEpoch": 9,
    "expiredScratchClaims": [],
    "seq": 866
  },
  "guide": {
    "seq": 236472,
    "kind": "swarm.guidance_sent",
    "participantId": "bend2-architect14",
    "from": {
      "kind": "peer",
      "participantId": "bend2-git5"
    },
    "sentAt": "2026-09-27T04:58:28.815Z",
    "priority": "next_boundary",
    "inReplyTo": null,
    "messageId": "message:83bcdca9da97c0055d3b6bc2a0d0f6e5cb4206f20c8fb8f04a26ded24a0c7378",
    "delivery": {
      "state": "delivered",
      "lane": {
        "seq": 236471,
        "kind": "turn",
        "ts": "2026-09-27T04:58:28.707Z",
        "messageId": "message:83bcdca9da97c0055d3b6bc2a0d0f6e5cb4206f20c8fb8f04a26ded24a0c7378"
      }
    }
  },
  "commandReceipt": {
    "idempotencyKey": "8259f172-8555-4128-afbe-cf4237758215"
  }
}
