{
  "receipt": {
    "command": "swarm.guide",
    "event": {
      "kind": "swarm.guidance_sent",
      "seq": 236889,
      "ts": "2026-09-27T05:11:54.415Z",
      "actor": "swarm-native:swarm-bend2-20260924:bend2-git5"
    },
    "changed": [
      {
        "collection": "participants",
        "id": "bend2-architect14",
        "seq": 236889,
        "ts": "2026-09-27T05:11:54.415Z"
      }
    ]
  },
  "next": {
    "command": "swarm.watch",
    "args": {
      "swarmId": "swarm-bend2-20260924"
    },
    "observation": {
      "wakeClass": "paused",
      "participantId": "bend2-architect14"
    }
  },
  "participantId": "bend2-architect14",
  "result": {
    "ok": true,
    "result": "ok",
    "emulated": true
  },
  "guide": {
    "seq": 236889,
    "kind": "swarm.guidance_sent",
    "participantId": "bend2-architect14",
    "from": {
      "kind": "peer",
      "participantId": "bend2-git5"
    },
    "sentAt": "2026-09-27T05:11:54.415Z",
    "priority": "next_boundary",
    "inReplyTo": null,
    "messageId": "message:88558127602f832b6b656082532ed70fff28894d427212914b3b6e1ddf6306fe",
    "delivery": {
      "state": "delivered",
      "lane": {
        "seq": 236888,
        "kind": "nudge",
        "ts": "2026-09-27T05:11:54.382Z",
        "messageId": "message:88558127602f832b6b656082532ed70fff28894d427212914b3b6e1ddf6306fe"
      }
    }
  },
  "commandReceipt": {
    "idempotencyKey": "778e0956-066c-49a4-966f-128a598234a5"
  }
}
